
> adestro@0.1.0 build C:\Users\felipe\Documents\GitHub\Adestro
> prisma generate && next build

Environment variables loaded from .env
Prisma schema loaded from prisma\schema.prisma

✔ Generated Prisma Client (v5.22.0) to .\node_modules\.pnpm\@prisma+client@5.22.0_prisma@5.22.0\node_modules\@prisma\client in 601ms

Start by importing your Prisma Client (See: https://pris.ly/d/importing-client)

Tip: Need your database queries to be 1000x faster? Accelerate offers you that and more: https://pris.ly/tip-2-accelerate

▲ Next.js 16.2.1 (Turbopack)
- Environments: .env

  Creating an optimized production build ...
✓ Compiled successfully in 30.4s
  Running TypeScript ...
Failed to type check.

./components/progress-chart.tsx:57:32
Type error: Conversion of type 'MonthlyProgress' to type 'Record<string, number>' may be a mistake because neither type sufficiently overlaps with the other. If this was intentional, convert the expression to 'unknown' first.
  Index signature for type 'string' is missing in type 'MonthlyProgress'.

  [90m55 |[0m             <div className=[32m"space-y-2"[0m>
  [90m56 |[0m               {dimensions.map((dim) => {
[31m[1m>[0m [90m57 |[0m                 [36mconst[0m value = (month [36mas[0m [33mRecord[0m<string, number>)[dim.key] || [35m0[0m;
  [90m   |[0m                                [31m[1m^[0m
  [90m58 |[0m                 [36mconst[0m percentage = (value / max) * [35m100[0m;
  [90m59 |[0m                 [36mreturn[0m (
  [90m60 |[0m                   <div key={dim.key} className=[32m"flex items-center gap-3"[0m>
Next.js build worker exited with code: 1 and signal: null
 ELIFECYCLE  Command failed with exit code 1.
